\BOOKMARK [0][-]{section*.2}{\376\377\000D\000y\000n\000a\000m\000i\000c\000\040\000V\000a\000c\000u\000u\000m\000\040\000C\000o\000u\000p\000l\000i\000n\000g\000\040\000H\000y\000p\000o\000t\000h\000e\000s\000i\000s\000\040\000\050\000D\000V\000C\000H\000\051\000:\000\040\000A\000\040\000U\000V\000-\000R\000e\000g\000u\000l\000a\000r\000i\000z\000e\000d\000\040\000I\000n\000t\000e\000r\000a\000c\000t\000i\000n\000g\000-\000V\000a\000c\000u\000u\000m\000\040\000F\000r\000a\000m\000e\000w\000o\000r\000k\000\040\000w\000i\000t\000h\000\040\000B\000a\000c\000k\000g\000r\000o\000u\000n\000d\000\040\000C\000l\000o\000s\000u\000r\000e\000,\000\040\000G\000l\000o\000b\000a\000l\000\040\000S\000t\000a\000b\000i\000l\000i\000t\000y\000,\000\040\000a\000n\000d\000\040\000D\000i\000a\000g\000n\000o\000s\000t\000i\000c\000\040\000T\000e\000s\000t\000s}{}% 2
\BOOKMARK [1][-]{section*.1}{\376\377\000A\000b\000s\000t\000r\000a\000c\000t}{section*.2}% 1
\BOOKMARK [1][-]{section*.3}{\376\377\000I\000n\000t\000r\000o\000d\000u\000c\000t\000i\000o\000n}{section*.2}% 3
\BOOKMARK [2][-]{section*.4}{\376\377\000V\000a\000l\000i\000d\000a\000t\000i\000o\000n\000\040\000f\000r\000a\000m\000e\000w\000o\000r\000k\000\040\000f\000o\000r\000\040\000D\000V\000C\000H}{section*.3}% 4
\BOOKMARK [1][-]{section*.5}{\376\377\000C\000o\000v\000a\000r\000i\000a\000n\000t\000\040\000t\000h\000e\000o\000r\000e\000t\000i\000c\000a\000l\000\040\000b\000a\000s\000i\000s\000:\000\040\000a\000n\000\040\000i\000n\000t\000e\000r\000a\000c\000t\000i\000n\000g\000\040\000d\000a\000r\000k\000\040\000s\000e\000c\000t\000o\000r\000\040\000f\000r\000o\000m\000\040\000a\000n\000\040\000E\000F\000T\000-\000m\000o\000t\000i\000v\000a\000t\000e\000d\000\040\000a\000c\000t\000i\000o\000n}{section*.2}% 5
\BOOKMARK [2][-]{section*.6}{\376\377\000E\000F\000T\000-\000i\000n\000s\000p\000i\000r\000e\000d\000\040\000a\000c\000t\000i\000o\000n\000\040\000\050\000c\000o\000v\000a\000r\000i\000a\000n\000t\000,\000\040\000m\000i\000n\000i\000m\000a\000l\000\051}{section*.5}% 6
\BOOKMARK [2][-]{section*.7}{\376\377\000M\000a\000c\000r\000o\000s\000c\000o\000p\000i\000c\000\040\000c\000l\000o\000s\000u\000r\000e\000\040\000v\000s\000.\000\040\000m\000i\000c\000r\000o\000s\000c\000o\000p\000i\000c\000\040\000m\000o\000d\000e\000l}{section*.5}% 7
\BOOKMARK [1][-]{section*.8}{\376\377\000D\000V\000C\000H\000\040\000c\000l\000o\000s\000u\000r\000e\000\040\000a\000n\000d\000\040\000i\000m\000p\000l\000i\000c\000i\000t\000\040\000b\000a\000c\000k\000g\000r\000o\000u\000n\000d\000\040\000c\000o\000s\000m\000o\000l\000o\000g\000y}{section*.2}% 8
\BOOKMARK [2][-]{section*.9}{\376\377\000D\000V\000C\000H\000\040\000v\000a\000c\000u\000u\000m\000\040\000d\000e\000n\000s\000i\000t\000y}{section*.8}% 9
\BOOKMARK [2][-]{section*.11}{\376\377\000I\000m\000p\000l\000i\000c\000i\000t\000\040\000F\000r\000i\000e\000d\000m\000a\000n\000n\000\040\000e\000q\000u\000a\000t\000i\000o\000n}{section*.8}% 10
\BOOKMARK [2][-]{section*.12}{\376\377\000B\000a\000c\000k\000g\000r\000o\000u\000n\000d\000\040\000d\000e\000r\000i\000v\000a\000t\000i\000v\000e\000\040\000a\000n\000d\000\040\000e\000x\000a\000c\000t\000\040\000Q\000\040\000i\000m\000p\000l\000i\000e\000d\000\040\000b\000y\000\040\000D\000V\000C\000H}{section*.8}% 11
\BOOKMARK [2][-]{section*.13}{\376\377\000E\000a\000r\000l\000y\000\040\000D\000a\000r\000k\000\040\000E\000n\000e\000r\000g\000y\000\040\000\050\000E\000D\000E\000\051\000\040\000b\000o\000u\000n\000d\000\040\000\050\000s\000c\000a\000l\000i\000n\000g\000\040\000e\000s\000t\000i\000m\000a\000t\000e\000\051}{section*.8}% 12
\BOOKMARK [1][-]{section*.14}{\376\377\000E\000f\000f\000e\000c\000t\000i\000v\000e\000\040\000e\000q\000u\000a\000t\000i\000o\000n\000\040\000o\000f\000\040\000s\000t\000a\000t\000e\000\040\000a\000n\000d\000\040\000g\000h\000o\000s\000t\000-\000f\000r\000e\000e\000\040\000s\000c\000a\000l\000a\000r\000\040\000r\000e\000c\000o\000n\000s\000t\000r\000u\000c\000t\000i\000o\000n}{section*.2}% 13
\BOOKMARK [2][-]{section*.15}{\376\377\000C\000a\000n\000o\000n\000i\000c\000a\000l\000\040\000s\000c\000a\000l\000a\000r\000\040\000r\000e\000c\000o\000n\000s\000t\000r\000u\000c\000t\000i\000o\000n\000\040\000\050\000e\000f\000f\000e\000c\000t\000i\000v\000e\000\051}{section*.14}% 14
\BOOKMARK [1][-]{section*.16}{\376\377\000T\000h\000r\000e\000e\000-\000d\000i\000m\000e\000n\000s\000i\000o\000n\000a\000l\000\040\000d\000y\000n\000a\000m\000i\000c\000a\000l\000\040\000s\000y\000s\000t\000e\000m\000,\000\040\000g\000l\000o\000b\000a\000l\000\040\000s\000t\000a\000b\000i\000l\000i\000t\000y\000,\000\040\000a\000n\000d\000\040\000t\000h\000e\000\040\000M\000i\000n\000k\000o\000w\000s\000k\000i\000\040\000e\000n\000d\000\040\000s\000t\000a\000t\000e}{section*.2}% 15
\BOOKMARK [2][-]{section*.17}{\376\377\000A\000u\000t\000o\000n\000o\000m\000o\000u\000s\000\040\000s\000y\000s\000t\000e\000m}{section*.16}% 16
\BOOKMARK [2][-]{section*.18}{\376\377\000C\000r\000i\000t\000i\000c\000a\000l\000\040\000p\000o\000i\000n\000t\000s\000\040\000a\000n\000d\000\040\000l\000i\000n\000e\000a\000r\000\040\000s\000t\000a\000b\000i\000l\000i\000t\000y}{section*.16}% 17
\BOOKMARK [2][-]{section*.19}{\376\377\000G\000l\000o\000b\000a\000l\000\040\000L\000y\000a\000p\000u\000n\000o\000v\000\040\000p\000r\000o\000o\000f\000\040\000o\000f\000\040\000d\000e\000p\000l\000e\000t\000i\000o\000n\000\040\000t\000o\000\040\000M\000i\000n\000k\000o\000w\000s\000k\000i}{section*.16}% 18
\BOOKMARK [1][-]{section*.20}{\376\377\000O\000b\000s\000e\000r\000v\000a\000t\000i\000o\000n\000a\000l\000\040\000C\000o\000n\000f\000r\000o\000n\000t\000a\000t\000i\000o\000n\000\040\000w\000i\000t\000h\000\040\000R\000e\000a\000l\000\040\000D\000a\000t\000a\000\040\000a\000n\000d\000\040\000D\000i\000a\000g\000n\000o\000s\000t\000i\000c}{section*.2}% 19
\BOOKMARK [1][-]{section*.21}{\376\377\000L\000i\000n\000e\000a\000r\000\040\000P\000e\000r\000t\000u\000r\000b\000a\000t\000i\000o\000n\000s\000\040\000a\000n\000d\000\040\000S\000t\000r\000u\000c\000t\000u\000r\000e\000\040\000G\000r\000o\000w\000t\000h}{section*.2}% 20
\BOOKMARK [2][-]{section*.22}{\376\377\000P\000e\000r\000t\000u\000r\000b\000a\000t\000i\000o\000n\000\040\000e\000q\000u\000a\000t\000i\000o\000n\000s\000\040\000i\000n\000\040\000s\000y\000n\000c\000h\000r\000o\000n\000o\000u\000s\000\040\000g\000a\000u\000g\000e}{section*.21}% 21
\BOOKMARK [2][-]{section*.23}{\376\377\000S\000u\000b\000-\000h\000o\000r\000i\000z\000o\000n\000\040\000g\000r\000o\000w\000t\000h\000\040\000e\000q\000u\000a\000t\000i\000o\000n\000\040\000u\000s\000e\000d\000\040\000f\000o\000r\000\040\000f\000\040\000s\000i\000g\000m\000a\000\040\0008}{section*.21}% 22
\BOOKMARK [2][-]{section*.24}{\376\377\000S\000o\000u\000n\000d\000\040\000s\000p\000e\000e\000d\000\040\000a\000n\000d\000\040\000s\000t\000a\000b\000i\000l\000i\000t\000y}{section*.21}% 23
\BOOKMARK [2][-]{section*.25}{\376\377\000R\000e\000l\000a\000t\000i\000v\000i\000s\000t\000i\000c\000\040\000p\000e\000r\000t\000u\000r\000b\000a\000t\000i\000o\000n\000\040\000v\000a\000l\000i\000d\000a\000t\000i\000o\000n\000\040\000s\000t\000a\000t\000u\000s}{section*.21}% 24
\BOOKMARK [1][-]{section*.27}{\376\377\000T\000h\000e\000r\000m\000o\000d\000y\000n\000a\000m\000i\000c\000\040\000c\000o\000n\000s\000i\000s\000t\000e\000n\000c\000y\000:\000\040\000G\000e\000n\000e\000r\000a\000l\000i\000z\000e\000d\000\040\000S\000e\000c\000o\000n\000d\000\040\000L\000a\000w}{section*.2}% 25
\BOOKMARK [1][-]{section*.28}{\376\377\000D\000a\000t\000a\000-\000a\000n\000a\000l\000y\000s\000i\000s\000\040\000p\000i\000p\000e\000l\000i\000n\000e\000\040\000a\000n\000d\000\040\000m\000o\000d\000e\000l\000\040\000c\000o\000m\000p\000a\000r\000i\000s\000o\000n\000\040\000\050\000r\000e\000a\000l\000\040\000d\000a\000t\000a\000\040\000+\000\040\000F\000i\000s\000h\000e\000r\000\040\000e\000x\000t\000e\000n\000s\000i\000o\000n\000\051}{section*.2}% 26
\BOOKMARK [2][-]{section*.29}{\376\377\000D\000o\000u\000b\000l\000e\000-\000s\000l\000i\000t\000\040\000c\000o\000n\000s\000i\000s\000t\000e\000n\000c\000y\000\040\000t\000e\000s\000t}{section*.28}% 27
\BOOKMARK [2][-]{section*.30}{\376\377\000F\000u\000l\000l\000\040\000l\000a\000t\000e\000-\000t\000i\000m\000e\000\040\000M\000C\000M\000C\000\040\000r\000e\000s\000u\000l\000t\000s}{section*.28}% 28
\BOOKMARK [2][-]{section*.31}{\376\377\000P\000a\000r\000a\000m\000e\000t\000e\000r\000\040\000s\000e\000t\000\040\000a\000n\000d\000\040\000p\000r\000i\000o\000r\000s}{section*.28}% 29
\BOOKMARK [2][-]{section*.32}{\376\377\000F\000i\000s\000h\000e\000r\000\040\000m\000a\000t\000r\000i\000x\000\040\000\050\000o\000p\000t\000i\000o\000n\000a\000l\000\040\000f\000o\000r\000e\000c\000a\000s\000t\000i\000n\000g\000\040\000e\000x\000t\000e\000n\000s\000i\000o\000n\000\051}{section*.28}% 30
\BOOKMARK [2][-]{section*.33}{\376\377\000L\000i\000k\000e\000l\000i\000h\000o\000o\000d\000\040\000b\000l\000o\000c\000k\000s\000\040\000a\000n\000d\000\040\000b\000e\000n\000c\000h\000m\000a\000r\000k\000-\000c\000o\000m\000p\000a\000r\000i\000s\000o\000n\000\040\000s\000t\000e\000p}{section*.28}% 31
\BOOKMARK [2][-]{section*.34}{\376\377\000R\000o\000a\000d\000m\000a\000p\000\040\000t\000o\000\040\000a\000\040\000c\000o\000m\000p\000e\000t\000i\000t\000i\000v\000e\000\040\000D\000V\000C\000H\000\040\000p\000r\000e\000c\000i\000s\000i\000o\000n\000-\000c\000o\000s\000m\000o\000l\000o\000g\000y\000\040\000a\000n\000a\000l\000y\000s\000i\000s}{section*.28}% 32
\BOOKMARK [2][-]{section*.35}{\376\377\000E\000x\000e\000c\000u\000t\000a\000b\000l\000e\000\040\000m\000o\000d\000i\000f\000i\000e\000d\000\040\000l\000i\000n\000e\000a\000r\000\040\000B\000o\000l\000t\000z\000m\000a\000n\000n\000\040\000d\000i\000a\000g\000n\000o\000s\000t\000i\000c\000\040\000i\000m\000p\000l\000e\000m\000e\000n\000t\000a\000t\000i\000o\000n}{section*.28}% 33
\BOOKMARK [2][-]{section*.36}{\376\377\000P\000l\000a\000n\000c\000k\000\040\000b\000e\000n\000c\000h\000m\000a\000r\000k\000\040\000c\000o\000n\000f\000i\000g\000u\000r\000a\000t\000i\000o\000n}{section*.28}% 34
\BOOKMARK [2][-]{section*.37}{\376\377\000E\000x\000e\000c\000u\000t\000a\000b\000l\000e\000\040\000M\000C\000M\000C\000\040\000c\000o\000n\000v\000e\000r\000g\000e\000n\000c\000e\000\040\000d\000i\000a\000g\000n\000o\000s\000t\000i\000c}{section*.28}% 35
\BOOKMARK [1][-]{section*.38}{\376\377\000S\000w\000a\000m\000p\000l\000a\000n\000d\000\040\000d\000i\000a\000g\000n\000o\000s\000t\000i\000c\000s\000\040\000a\000n\000d\000\040\000p\000h\000y\000s\000i\000c\000a\000l\000\040\000d\000i\000s\000c\000u\000s\000s\000i\000o\000n\000\040\000o\000f\000\040\000t\000h\000e\000\040\000M\000i\000n\000k\000o\000w\000s\000k\000i\000\040\000f\000u\000t\000u\000r\000e}{section*.2}% 36
\BOOKMARK [1][-]{section*.39}{\376\377\000C\000o\000n\000c\000l\000u\000s\000i\000o\000n\000s}{section*.2}% 37
\BOOKMARK [1][-]{section*.40}{\376\377\000S\000t\000a\000t\000e\000m\000e\000n\000t\000s\000\040\000a\000n\000d\000\040\000D\000e\000c\000l\000a\000r\000a\000t\000i\000o\000n\000s}{section*.2}% 38
\BOOKMARK [1][-]{section*.41}{\376\377\000A\000c\000k\000n\000o\000w\000l\000e\000d\000g\000m\000e\000n\000t\000s}{section*.2}% 39
\BOOKMARK [1][-]{section*.42}{\376\377\000C\000o\000m\000p\000u\000t\000a\000t\000i\000o\000n\000a\000l\000\040\000A\000r\000c\000h\000i\000t\000e\000c\000t\000u\000r\000e\000:\000\040\000T\000h\000e\000\040\000I\000m\000p\000l\000i\000c\000i\000t\000\040\000F\000e\000e\000d\000b\000a\000c\000k\000\040\000S\000o\000l\000v\000e\000r}{section*.2}% 40
\BOOKMARK [1][-]{section*.43}{\376\377\000A\000n\000a\000l\000y\000t\000i\000c\000a\000l\000\040\000D\000e\000r\000i\000v\000a\000t\000i\000o\000n\000\040\000o\000f\000\040\000t\000h\000e\000\040\000E\000n\000e\000r\000g\000y\000\040\000E\000x\000c\000h\000a\000n\000g\000e\000\040\000R\000a\000t\000e}{section*.2}% 41
\BOOKMARK [1][-]{section*.44}{\376\377\000P\000l\000a\000n\000c\000k\000+\000B\000A\000O\000+\000S\000N\000e\000+\000R\000S\000D\000\040\000B\000a\000y\000e\000s\000i\000a\000n\000\040\000P\000i\000p\000e\000l\000i\000n\000e\000\040\000f\000o\000r\000\040\000a\000\040\000B\000a\000s\000e\000l\000i\000n\000e\000\040\000L\000a\000m\000b\000d\000a\000C\000D\000M\000\040\000A\000n\000a\000l\000y\000s\000i\000s}{section*.2}% 42
\BOOKMARK [2][-]{section*.45}{\376\377\000S\000t\000e\000p\000-\000b\000y\000-\000s\000t\000e\000p\000\040\000e\000x\000e\000c\000u\000t\000i\000o\000n\000\040\000p\000l\000a\000n}{section*.44}% 43
\BOOKMARK [2][-]{section*.46}{\376\377\000C\000o\000s\000m\000o\000l\000o\000g\000i\000c\000a\000l\000\040\000m\000o\000d\000e\000l\000\040\000a\000n\000d\000\040\000p\000r\000i\000o\000r\000s}{section*.44}% 44
\BOOKMARK [2][-]{section*.47}{\376\377\000D\000a\000t\000a\000s\000e\000t\000s\000\040\000a\000n\000d\000\040\000l\000i\000k\000e\000l\000i\000h\000o\000o\000d\000\040\000d\000e\000f\000i\000n\000i\000t\000i\000o\000n\000s}{section*.44}% 45
\BOOKMARK [2][-]{section*.48}{\376\377\000B\000o\000l\000t\000z\000m\000a\000n\000n\000\040\000s\000o\000l\000v\000e\000r\000\040\000i\000n\000t\000e\000r\000f\000a\000c\000e}{section*.44}% 46
\BOOKMARK [2][-]{section*.49}{\376\377\000J\000o\000i\000n\000t\000\040\000p\000o\000s\000t\000e\000r\000i\000o\000r\000\040\000a\000n\000d\000\040\000m\000o\000d\000u\000l\000a\000r\000\040\000d\000a\000t\000a\000s\000e\000t\000\040\000c\000o\000m\000b\000i\000n\000a\000t\000i\000o\000n\000s}{section*.44}% 47
\BOOKMARK [2][-]{section*.50}{\376\377\000S\000a\000m\000p\000l\000e\000r\000\040\000a\000n\000d\000\040\000p\000s\000e\000u\000d\000o\000c\000o\000d\000e}{section*.44}% 48
\BOOKMARK [2][-]{section*.51}{\376\377\000R\000e\000l\000a\000t\000i\000v\000i\000s\000t\000i\000c\000\040\000a\000n\000d\000\040\000C\000M\000B\000\040\000v\000a\000l\000i\000d\000a\000t\000i\000o\000n\000\040\000g\000a\000t\000e}{section*.44}% 49
\BOOKMARK [2][-]{section*.52}{\376\377\000P\000o\000s\000t\000-\000p\000r\000o\000c\000e\000s\000s\000i\000n\000g\000\040\000a\000n\000d\000\040\000m\000i\000n\000i\000m\000u\000m\000\040\000o\000u\000t\000p\000u\000t\000s}{section*.44}% 50
\BOOKMARK [2][-]{section*.53}{\376\377\000P\000a\000p\000e\000r\000-\000l\000e\000v\000e\000l\000\040\000d\000o\000c\000u\000m\000e\000n\000t\000a\000t\000i\000o\000n}{section*.44}% 51
\BOOKMARK [2][-]{section*.54}{\376\377\000E\000x\000e\000c\000u\000t\000e\000d\000\040\000s\000t\000a\000t\000u\000s\000\040\000o\000f\000\040\000t\000h\000e\000\040\000r\000e\000q\000u\000e\000s\000t\000e\000d\000\040\000f\000u\000l\000l\000\040\000C\000M\000B\000+\000l\000a\000t\000e\000-\000t\000i\000m\000e\000\040\000p\000i\000p\000e\000l\000i\000n\000e}{section*.44}% 52
\BOOKMARK [1][-]{section*.55}{\376\377\000R\000e\000f\000e\000r\000e\000n\000c\000e\000s}{section*.2}% 53
