----
clik version plc_3.1
  smica
----
clik version plc_3.1
  smica
----
clik version plc_3.1
  smica
Checking likelihood '/mnt/d/DVCH-external/planck-data/baseline/plc_3.0/hi_l/plik/plik_rd12_HM_v22b_TTTEEE.clik' on test data. got -1172.47 expected -1172.47 (diff -4.34054e-07)
----
Checking likelihood '/mnt/d/DVCH-external/planck-data/baseline/plc_3.0/hi_l/plik/plik_rd12_HM_v22b_TTTEEE.clik' on test data. got -1172.47 expected -1172.47 (diff -4.34054e-07)
----
----
clik version plc_3.1
  smica
Checking likelihood '/mnt/d/DVCH-external/planck-data/baseline/plc_3.0/hi_l/plik/plik_rd12_HM_v22b_TTTEEE.clik' on test data. got -1172.47 expected -1172.47 (diff -4.34054e-07)
----
Checking likelihood '/mnt/d/DVCH-external/planck-data/baseline/plc_3.0/hi_l/plik/plik_rd12_HM_v22b_TTTEEE.clik' on test data. got -1172.47 expected -1172.47 (diff -4.34054e-07)
----
 2026-09-05 15:59:49,971 [0 : output] Output to be read-from/written-into folder '.', with prefix 'dvch_prod'
 2026-09-05 15:59:49,979 [1 : root] Numba not available, install it for better performance.
 2026-09-05 15:59:49,979 [2 : root] Numba not available, install it for better performance.
 2026-09-05 15:59:49,980 [3 : root] Numba not available, install it for better performance.
 2026-09-05 15:59:50,005 [0 : root] Numba not available, install it for better performance.
 2026-09-05 15:59:50,254 [0 : output] From regexp 'dvch_prod[\\._]covmat$' in folder '.', deleting files ['./dvch_prod.covmat']
 2026-09-05 15:59:50,343 [0 : dvch_plik] Initialized external likelihood.
 2026-09-05 15:59:50,344 [0 : model] Parameters were assigned as follows:
 2026-09-05 15:59:50,344 [0 : model] - dvch_plik:
 2026-09-05 15:59:50,344 [0 : model]      Input:  ['H0', 'ombh2', 'omch2', 'tau', 'ln10As', 'ns', 'DVCH_n', 'DVCH_beta', 'A_cib_217', 'cib_index', 'xi_sz_cib', 'A_sz', 'ps_A_100_100', 'ps_A_143_143', 'ps_A_143_217', 'ps_A_217_217', 'ksz_norm', 'gal545_A_100', 'gal545_A_143', 'gal545_A_143_217', 'gal545_A_217', 'galf_EE_A_100', 'galf_EE_A_100_143', 'galf_EE_A_100_217', 'galf_EE_A_143', 'galf_EE_A_143_217', 'galf_EE_A_217', 'galf_EE_index', 'galf_TE_A_100', 'galf_TE_A_100_143', 'galf_TE_A_100_217', 'galf_TE_A_143', 'galf_TE_A_143_217', 'galf_TE_A_217', 'galf_TE_index', 'A_cnoise_e2e_100_100_EE', 'A_cnoise_e2e_143_143_EE', 'A_cnoise_e2e_217_217_EE', 'A_sbpx_100_100_TT', 'A_sbpx_143_143_TT', 'A_sbpx_143_217_TT', 'A_sbpx_217_217_TT', 'A_sbpx_100_100_EE', 'A_sbpx_100_143_EE', 'A_sbpx_100_217_EE', 'A_sbpx_143_143_EE', 'A_sbpx_143_217_EE', 'A_sbpx_217_217_EE', 'calib_100T', 'calib_217T', 'calib_100P', 'calib_143P', 'calib_217P', 'A_pol', 'A_planck']
 2026-09-05 15:59:50,347 [0 : model]      Output: []
 2026-09-05 15:59:50,350 [0 : model] Components will be computed in the order:
 2026-09-05 15:59:50,351 [0 : model]  - [dvch_plik]
 2026-09-05 15:59:50,351 [0 : model] No requirements need to be computed
 2026-09-05 15:59:50,354 [2 : dvch_plik] Initialized external likelihood.
 2026-09-05 15:59:50,357 [3 : dvch_plik] Initialized external likelihood.
 2026-09-05 15:59:50,361 [1 : dvch_plik] Initialized external likelihood.
 2026-09-05 15:59:50,426 [0 : mcmc] *WARNING* This run has been SEEDED with seed 1
 2026-09-05 15:59:50,484 [1 : mcmc] Initializing
 2026-09-05 15:59:50,484 [3 : mcmc] Initializing
 2026-09-05 15:59:50,484 [2 : mcmc] Initializing
 2026-09-05 15:59:50,484 [0 : mcmc] Initializing
 2026-09-05 15:59:50,616 [0 : mcmc] Getting initial point... (this may take a few seconds)
 2026-09-05 15:59:50,616 [3 : mcmc] Getting initial point... (this may take a few seconds)
 2026-09-05 15:59:50,616 [1 : mcmc] Getting initial point... (this may take a few seconds)
 2026-09-05 15:59:50,616 [2 : mcmc] Getting initial point... (this may take a few seconds)
 2026-09-05 15:59:50,620 [1 : prior] Evaluating prior at array([6.82428401e+01, 2.26211889e-02, 1.17488509e-01, 5.54085719e-02,
       3.05355479e+00, 9.60415306e-01, 8.24237715e-02, 7.49841400e-05,
       1.19978729e+01, 1.18848641e+01, 2.17770332e+01, 6.99990796e+01,
       4.64476522e-02, 1.77437707e-02, 5.48898827e-02, 7.99893452e-02,
       1.82283866e-01, 8.49855725e-01, 1.38133852e-01, 1.26768484e-01,
       5.29655291e-01, 2.52917960e-01, 7.54957955e-01, 2.01010794e+00,
       9.99446329e-01, 9.97832713e-01])
 2026-09-05 15:59:50,621 [3 : prior] Evaluating prior at array([6.58848993e+01, 2.26060307e-02, 1.18566852e-01, 4.81015010e-02,
       3.04824143e+00, 9.69952192e-01, 8.39156745e-02, 1.21856932e-04,
       1.10493605e+01, 1.04168283e+01, 2.80853703e+01, 8.10996229e+01,
       3.67610623e-02, 5.10198140e-02, 6.00926380e-02, 9.66946477e-02,
       1.93213329e-01, 1.04583712e+00, 1.46381887e-01, 1.15944296e-01,
       6.07829784e-01, 2.03644518e-01, 6.29685430e-01, 1.41597709e+00,
       9.99997363e-01, 9.97620954e-01])
 2026-09-05 15:59:50,622 [1 : prior] Got logpriors (internal) = 37.7160450201631
 2026-09-05 15:59:50,622 [3 : prior] Got logpriors (internal) = 37.99689322107879
 2026-09-05 15:59:50,622 [1 : model] Posterior to be computed for parameters {'H0': np.float64(68.24284010500341), 'ombh2': np.float64(0.02262118885721896), 'omch2': np.float64(0.11748850904606752), 'tau': np.float64(0.055408571915070245), 'ln10As': np.float64(3.053554793497608), 'ns': np.float64(0.9604153063747116), 'DVCH_n': np.float64(0.0824237715062993), 'DVCH_beta': np.float64(7.498413996213799e-05), 'gal545_A_100': np.float64(11.997872896625246), 'gal545_A_143': np.float64(11.884864142257815), 'gal545_A_143_217': np.float64(21.77703323759188), 'gal545_A_217': np.float64(69.99907956266841), 'galf_EE_A_100': np.float64(0.04644765219677907), 'galf_EE_A_100_143': np.float64(0.017743770666623783), 'galf_EE_A_100_217': np.float64(0.05488988269040666), 'galf_EE_A_143': np.float64(0.07998934522274337), 'galf_EE_A_143_217': np.float64(0.18228386620382736), 'galf_EE_A_217': np.float64(0.8498557254146416), 'galf_TE_A_100': np.float64(0.13813385235597267), 'galf_TE_A_100_143': np.float64(0.12676848387018705), 'galf_TE_A_100_217': np.float64(0.5296552910079119), 'galf_TE_A_143': np.float64(0.25291796025763147), 'galf_TE_A_143_217': np.float64(0.7549579552884059), 'galf_TE_A_217': np.float64(2.0101079430867186), 'calib_100T': np.float64(0.9994463285464025), 'calib_217T': np.float64(0.9978327129811004)}
 2026-09-05 15:59:50,622 [3 : model] Posterior to be computed for parameters {'H0': np.float64(65.88489928301692), 'ombh2': np.float64(0.02260603073835133), 'omch2': np.float64(0.11856685224459074), 'tau': np.float64(0.04810150100645535), 'ln10As': np.float64(3.0482414263976803), 'ns': np.float64(0.9699521917073308), 'DVCH_n': np.float64(0.08391567453914639), 'DVCH_beta': np.float64(0.00012185693214693678), 'gal545_A_100': np.float64(11.049360548597141), 'gal545_A_143': np.float64(10.416828280241688), 'gal545_A_143_217': np.float64(28.08537028156851), 'gal545_A_217': np.float64(81.099622851955), 'galf_EE_A_100': np.float64(0.036761062301644415), 'galf_EE_A_100_143': np.float64(0.051019813985498735), 'galf_EE_A_100_217': np.float64(0.06009263799408893), 'galf_EE_A_143': np.float64(0.09669464766794465), 'galf_EE_A_143_217': np.float64(0.1932133294501318), 'galf_EE_A_217': np.float64(1.0458371234999166), 'galf_TE_A_100': np.float64(0.14638188687382642), 'galf_TE_A_100_143': np.float64(0.11594429613627799), 'galf_TE_A_100_217': np.float64(0.6078297840999588), 'galf_TE_A_143': np.float64(0.20364451815152787), 'galf_TE_A_143_217': np.float64(0.6296854296607836), 'galf_TE_A_217': np.float64(1.4159770880539462), 'calib_100T': np.float64(0.9999973631746366), 'calib_217T': np.float64(0.997620954096044)}
 2026-09-05 15:59:50,622 [1 : prior] Evaluating prior at array([6.82428401e+01, 2.26211889e-02, 1.17488509e-01, 5.54085719e-02,
       3.05355479e+00, 9.60415306e-01, 8.24237715e-02, 7.49841400e-05,
       1.19978729e+01, 1.18848641e+01, 2.17770332e+01, 6.99990796e+01,
       4.64476522e-02, 1.77437707e-02, 5.48898827e-02, 7.99893452e-02,
       1.82283866e-01, 8.49855725e-01, 1.38133852e-01, 1.26768484e-01,
       5.29655291e-01, 2.52917960e-01, 7.54957955e-01, 2.01010794e+00,
       9.99446329e-01, 9.97832713e-01])
 2026-09-05 15:59:50,622 [2 : prior] Evaluating prior at array([6.77211928e+01, 2.22219772e-02, 1.21574391e-01, 5.68756143e-02,
       3.03073841e+00, 9.55752347e-01, 1.08797651e-01, 1.29536570e-04,
       1.20894171e+01, 1.03815639e+01, 6.19491509e+00, 1.21751964e+02,
       4.65323556e-02, 4.70469070e-02, 9.44030829e-02, 8.26079275e-02,
       1.55606943e-01, 5.68165703e-01, 1.30952176e-01, 1.52430892e-01,
       4.75579558e-01, 2.09792054e-01, 6.74867818e-01, 1.88700959e+00,
       9.99209437e-01, 9.98344667e-01])
 2026-09-05 15:59:50,623 [1 : prior] Got logpriors (internal) = 37.7160450201631
 2026-09-05 15:59:50,623 [2 : prior] Got logpriors (internal) = 38.729576574540914
 2026-09-05 15:59:50,623 [3 : prior] Evaluating prior at array([6.58848993e+01, 2.26060307e-02, 1.18566852e-01, 4.81015010e-02,
       3.04824143e+00, 9.69952192e-01, 8.39156745e-02, 1.21856932e-04,
       1.10493605e+01, 1.04168283e+01, 2.80853703e+01, 8.10996229e+01,
       3.67610623e-02, 5.10198140e-02, 6.00926380e-02, 9.66946477e-02,
       1.93213329e-01, 1.04583712e+00, 1.46381887e-01, 1.15944296e-01,
       6.07829784e-01, 2.03644518e-01, 6.29685430e-01, 1.41597709e+00,
       9.99997363e-01, 9.97620954e-01])
 2026-09-05 15:59:50,623 [1 : model] Got input parameters: {'H0': 68.24284010500341, 'ombh2': 0.02262118885721896, 'omch2': 0.11748850904606752, 'tau': 0.055408571915070245, 'ln10As': 3.053554793497608, 'ns': 0.9604153063747116, 'DVCH_n': 0.0824237715062993, 'DVCH_beta': 7.498413996213799e-05, 'A_cib_217': 46.05402, 'cib_index': -1.3, 'xi_sz_cib': 0.6567009, 'A_sz': 7.083803, 'ps_A_100_100': 248.2123, 'ps_A_143_143': 50.67985, 'ps_A_143_217': 53.30959, 'ps_A_217_217': 121.8608, 'ksz_norm': 0.00384693, 'gal545_A_100': 11.997872896625246, 'gal545_A_143': 11.884864142257815, 'gal545_A_143_217': 21.77703323759188, 'gal545_A_217': 69.99907956266841, 'galf_EE_A_100': 0.04644765219677907, 'galf_EE_A_100_143': 0.017743770666623783, 'galf_EE_A_100_217': 0.05488988269040666, 'galf_EE_A_143': 0.07998934522274337, 'galf_EE_A_143_217': 0.18228386620382736, 'galf_EE_A_217': 0.8498557254146416, 'galf_EE_index': -2.4, 'galf_TE_A_100': 0.13813385235597267, 'galf_TE_A_100_143': 0.12676848387018705, 'galf_TE_A_100_217': 0.5296552910079119, 'galf_TE_A_143': 0.25291796025763147, 'galf_TE_A_143_217': 0.7549579552884059, 'galf_TE_A_217': 2.0101079430867186, 'galf_TE_index': -2.4, 'A_cnoise_e2e_100_100_EE': 1.0, 'A_cnoise_e2e_143_143_EE': 1.0, 'A_cnoise_e2e_217_217_EE': 1.0, 'A_sbpx_100_100_TT': 1.0, 'A_sbpx_143_143_TT': 1.0, 'A_sbpx_143_217_TT': 1.0, 'A_sbpx_217_217_TT': 1.0, 'A_sbpx_100_100_EE': 1.0, 'A_sbpx_100_143_EE': 1.0, 'A_sbpx_100_217_EE': 1.0, 'A_sbpx_143_143_EE': 1.0, 'A_sbpx_143_217_EE': 1.0, 'A_sbpx_217_217_EE': 1.0, 'calib_100T': 0.9994463285464025, 'calib_217T': 0.9978327129811004, 'calib_100P': 1.021, 'calib_143P': 0.966, 'calib_217P': 1.04, 'A_pol': 1.0, 'A_planck': 1.000442}
 2026-09-05 15:59:50,624 [3 : prior] Got logpriors (internal) = 37.99689322107879
 2026-09-05 15:59:50,624 [2 : model] Posterior to be computed for parameters {'H0': np.float64(67.72119282210079), 'ombh2': np.float64(0.022221977167240888), 'omch2': np.float64(0.12157439088771951), 'tau': np.float64(0.056875614293655286), 'ln10As': np.float64(3.0307384099069345), 'ns': np.float64(0.955752347298204), 'DVCH_n': np.float64(0.10879765091862531), 'DVCH_beta': np.float64(0.00012953657012862758), 'gal545_A_100': np.float64(12.089417073508498), 'gal545_A_143': np.float64(10.381563945262132), 'gal545_A_143_217': np.float64(6.194915090653609), 'gal545_A_217': np.float64(121.75196439439235), 'galf_EE_A_100': np.float64(0.04653235560771264), 'galf_EE_A_100_143': np.float64(0.04704690701070766), 'galf_EE_A_100_217': np.float64(0.0944030829213448), 'galf_EE_A_143': np.float64(0.08260792751964262), 'galf_EE_A_143_217': np.float64(0.1556069432546768), 'galf_EE_A_217': np.float64(0.5681657025391474), 'galf_TE_A_100': np.float64(0.13095217564292938), 'galf_TE_A_100_143': np.float64(0.15243089222407802), 'galf_TE_A_100_217': np.float64(0.4755795579845761), 'galf_TE_A_143': np.float64(0.20979205425510508), 'galf_TE_A_143_217': np.float64(0.6748678176678558), 'galf_TE_A_217': np.float64(1.8870095932389899), 'calib_100T': np.float64(0.9992094372557156), 'calib_217T': np.float64(0.998344666816398)}
 2026-09-05 15:59:50,624 [1 : dvch_plik] Got parameters {'H0': 68.24284010500341, 'ombh2': 0.02262118885721896, 'omch2': 0.11748850904606752, 'tau': 0.055408571915070245, 'ln10As': 3.053554793497608, 'ns': 0.9604153063747116, 'DVCH_n': 0.0824237715062993, 'DVCH_beta': 7.498413996213799e-05, 'A_cib_217': 46.05402, 'cib_index': -1.3, 'xi_sz_cib': 0.6567009, 'A_sz': 7.083803, 'ps_A_100_100': 248.2123, 'ps_A_143_143': 50.67985, 'ps_A_143_217': 53.30959, 'ps_A_217_217': 121.8608, 'ksz_norm': 0.00384693, 'gal545_A_100': 11.997872896625246, 'gal545_A_143': 11.884864142257815, 'gal545_A_143_217': 21.77703323759188, 'gal545_A_217': 69.99907956266841, 'galf_EE_A_100': 0.04644765219677907, 'galf_EE_A_100_143': 0.017743770666623783, 'galf_EE_A_100_217': 0.05488988269040666, 'galf_EE_A_143': 0.07998934522274337, 'galf_EE_A_143_217': 0.18228386620382736, 'galf_EE_A_217': 0.8498557254146416, 'galf_EE_index': -2.4, 'galf_TE_A_100': 0.13813385235597267, 'galf_TE_A_100_143': 0.12676848387018705, 'galf_TE_A_100_217': 0.5296552910079119, 'galf_TE_A_143': 0.25291796025763147, 'galf_TE_A_143_217': 0.7549579552884059, 'galf_TE_A_217': 2.0101079430867186, 'galf_TE_index': -2.4, 'A_cnoise_e2e_100_100_EE': 1.0, 'A_cnoise_e2e_143_143_EE': 1.0, 'A_cnoise_e2e_217_217_EE': 1.0, 'A_sbpx_100_100_TT': 1.0, 'A_sbpx_143_143_TT': 1.0, 'A_sbpx_143_217_TT': 1.0, 'A_sbpx_217_217_TT': 1.0, 'A_sbpx_100_100_EE': 1.0, 'A_sbpx_100_143_EE': 1.0, 'A_sbpx_100_217_EE': 1.0, 'A_sbpx_143_143_EE': 1.0, 'A_sbpx_143_217_EE': 1.0, 'A_sbpx_217_217_EE': 1.0, 'calib_100T': 0.9994463285464025, 'calib_217T': 0.9978327129811004, 'calib_100P': 1.021, 'calib_143P': 0.966, 'calib_217P': 1.04, 'A_pol': 1.0, 'A_planck': 1.000442}
 2026-09-05 15:59:50,624 [1 : dvch_plik] Computing new state
 2026-09-05 15:59:50,624 [3 : model] Got input parameters: {'H0': 65.88489928301692, 'ombh2': 0.02260603073835133, 'omch2': 0.11856685224459074, 'tau': 0.04810150100645535, 'ln10As': 3.0482414263976803, 'ns': 0.9699521917073308, 'DVCH_n': 0.08391567453914639, 'DVCH_beta': 0.00012185693214693678, 'A_cib_217': 46.05402, 'cib_index': -1.3, 'xi_sz_cib': 0.6567009, 'A_sz': 7.083803, 'ps_A_100_100': 248.2123, 'ps_A_143_143': 50.67985, 'ps_A_143_217': 53.30959, 'ps_A_217_217': 121.8608, 'ksz_norm': 0.00384693, 'gal545_A_100': 11.049360548597141, 'gal545_A_143': 10.416828280241688, 'gal545_A_143_217': 28.08537028156851, 'gal545_A_217': 81.099622851955, 'galf_EE_A_100': 0.036761062301644415, 'galf_EE_A_100_143': 0.051019813985498735, 'galf_EE_A_100_217': 0.06009263799408893, 'galf_EE_A_143': 0.09669464766794465, 'galf_EE_A_143_217': 0.1932133294501318, 'galf_EE_A_217': 1.0458371234999166, 'galf_EE_index': -2.4, 'galf_TE_A_100': 0.14638188687382642, 'galf_TE_A_100_143': 0.11594429613627799, 'galf_TE_A_100_217': 0.6078297840999588, 'galf_TE_A_143': 0.20364451815152787, 'galf_TE_A_143_217': 0.6296854296607836, 'galf_TE_A_217': 1.4159770880539462, 'galf_TE_index': -2.4, 'A_cnoise_e2e_100_100_EE': 1.0, 'A_cnoise_e2e_143_143_EE': 1.0, 'A_cnoise_e2e_217_217_EE': 1.0, 'A_sbpx_100_100_TT': 1.0, 'A_sbpx_143_143_TT': 1.0, 'A_sbpx_143_217_TT': 1.0, 'A_sbpx_217_217_TT': 1.0, 'A_sbpx_100_100_EE': 1.0, 'A_sbpx_100_143_EE': 1.0, 'A_sbpx_100_217_EE': 1.0, 'A_sbpx_143_143_EE': 1.0, 'A_sbpx_143_217_EE': 1.0, 'A_sbpx_217_217_EE': 1.0, 'calib_100T': 0.9999973631746366, 'calib_217T': 0.997620954096044, 'calib_100P': 1.021, 'calib_143P': 0.966, 'calib_217P': 1.04, 'A_pol': 1.0, 'A_planck': 1.000442}
 2026-09-05 15:59:50,623 [0 : prior] Evaluating prior at array([6.66798407e+01, 2.24785545e-02, 1.19213695e-01, 5.72918232e-02,
       3.01727192e+00, 9.59463682e-01, 8.69884420e-02, 1.24632309e-04,
       1.06499094e+01, 1.26377355e+01, 1.89138554e+01, 6.45654935e+01,
       5.79112486e-02, 3.64558554e-02, 7.64055035e-02, 1.02186645e-01,
       1.54690270e-01, 7.46597759e-01, 1.12651785e-01, 1.16366480e-01,
       3.78777782e-01, 2.48247749e-01, 5.66662846e-01, 3.01238010e+00,
       9.99396656e-01, 9.98517984e-01])
 2026-09-05 15:59:50,625 [3 : dvch_plik] Got parameters {'H0': 65.88489928301692, 'ombh2': 0.02260603073835133, 'omch2': 0.11856685224459074, 'tau': 0.04810150100645535, 'ln10As': 3.0482414263976803, 'ns': 0.9699521917073308, 'DVCH_n': 0.08391567453914639, 'DVCH_beta': 0.00012185693214693678, 'A_cib_217': 46.05402, 'cib_index': -1.3, 'xi_sz_cib': 0.6567009, 'A_sz': 7.083803, 'ps_A_100_100': 248.2123, 'ps_A_143_143': 50.67985, 'ps_A_143_217': 53.30959, 'ps_A_217_217': 121.8608, 'ksz_norm': 0.00384693, 'gal545_A_100': 11.049360548597141, 'gal545_A_143': 10.416828280241688, 'gal545_A_143_217': 28.08537028156851, 'gal545_A_217': 81.099622851955, 'galf_EE_A_100': 0.036761062301644415, 'galf_EE_A_100_143': 0.051019813985498735, 'galf_EE_A_100_217': 0.06009263799408893, 'galf_EE_A_143': 0.09669464766794465, 'galf_EE_A_143_217': 0.1932133294501318, 'galf_EE_A_217': 1.0458371234999166, 'galf_EE_index': -2.4, 'galf_TE_A_100': 0.14638188687382642, 'galf_TE_A_100_143': 0.11594429613627799, 'galf_TE_A_100_217': 0.6078297840999588, 'galf_TE_A_143': 0.20364451815152787, 'galf_TE_A_143_217': 0.6296854296607836, 'galf_TE_A_217': 1.4159770880539462, 'galf_TE_index': -2.4, 'A_cnoise_e2e_100_100_EE': 1.0, 'A_cnoise_e2e_143_143_EE': 1.0, 'A_cnoise_e2e_217_217_EE': 1.0, 'A_sbpx_100_100_TT': 1.0, 'A_sbpx_143_143_TT': 1.0, 'A_sbpx_143_217_TT': 1.0, 'A_sbpx_217_217_TT': 1.0, 'A_sbpx_100_100_EE': 1.0, 'A_sbpx_100_143_EE': 1.0, 'A_sbpx_100_217_EE': 1.0, 'A_sbpx_143_143_EE': 1.0, 'A_sbpx_143_217_EE': 1.0, 'A_sbpx_217_217_EE': 1.0, 'calib_100T': 0.9999973631746366, 'calib_217T': 0.997620954096044, 'calib_100P': 1.021, 'calib_143P': 0.966, 'calib_217P': 1.04, 'A_pol': 1.0, 'A_planck': 1.000442}
 2026-09-05 15:59:50,625 [0 : prior] Got logpriors (internal) = 38.09937546574669
 2026-09-05 15:59:50,625 [3 : dvch_plik] Computing new state
 2026-09-05 15:59:50,624 [2 : prior] Evaluating prior at array([6.77211928e+01, 2.22219772e-02, 1.21574391e-01, 5.68756143e-02,
       3.03073841e+00, 9.55752347e-01, 1.08797651e-01, 1.29536570e-04,
       1.20894171e+01, 1.03815639e+01, 6.19491509e+00, 1.21751964e+02,
       4.65323556e-02, 4.70469070e-02, 9.44030829e-02, 8.26079275e-02,
       1.55606943e-01, 5.68165703e-01, 1.30952176e-01, 1.52430892e-01,
       4.75579558e-01, 2.09792054e-01, 6.74867818e-01, 1.88700959e+00,
       9.99209437e-01, 9.98344667e-01])
 2026-09-05 15:59:50,625 [0 : model] Posterior to be computed for parameters {'H0': np.float64(66.67984073580067), 'ombh2': np.float64(0.02247855454308013), 'omch2': np.float64(0.11921369523258624), 'tau': np.float64(0.05729182317076214), 'ln10As': np.float64(3.0172719224468394), 'ns': np.float64(0.9594636821703314), 'DVCH_n': np.float64(0.08698844204628327), 'DVCH_beta': np.float64(0.00012463230883520975), 'gal545_A_100': np.float64(10.649909416497335), 'gal545_A_143': np.float64(12.63773554193387), 'gal545_A_143_217': np.float64(18.913855412891795), 'gal545_A_217': np.float64(64.5654934798266), 'galf_EE_A_100': np.float64(0.05791124861074762), 'galf_EE_A_100_143': np.float64(0.03645585542227353), 'galf_EE_A_100_217': np.float64(0.07640550352945084), 'galf_EE_A_143': np.float64(0.10218664549895104), 'galf_EE_A_143_217': np.float64(0.15469026956200735), 'galf_EE_A_217': np.float64(0.746597758507717), 'galf_TE_A_100': np.float64(0.11265178487540474), 'galf_TE_A_100_143': np.float64(0.11636648036414088), 'galf_TE_A_100_217': np.float64(0.3787777820478131), 'galf_TE_A_143': np.float64(0.2482477493897785), 'galf_TE_A_143_217': np.float64(0.5666628464137478), 'galf_TE_A_217': np.float64(3.0123801038791043), 'calib_100T': np.float64(0.9993966559656584), 'calib_217T': np.float64(0.9985179839508135)}
 2026-09-05 15:59:50,626 [2 : prior] Got logpriors (internal) = 38.729576574540914
 2026-09-05 15:59:50,626 [2 : model] Got input parameters: {'H0': 67.72119282210079, 'ombh2': 0.022221977167240888, 'omch2': 0.12157439088771951, 'tau': 0.056875614293655286, 'ln10As': 3.0307384099069345, 'ns': 0.955752347298204, 'DVCH_n': 0.10879765091862531, 'DVCH_beta': 0.00012953657012862758, 'A_cib_217': 46.05402, 'cib_index': -1.3, 'xi_sz_cib': 0.6567009, 'A_sz': 7.083803, 'ps_A_100_100': 248.2123, 'ps_A_143_143': 50.67985, 'ps_A_143_217': 53.30959, 'ps_A_217_217': 121.8608, 'ksz_norm': 0.00384693, 'gal545_A_100': 12.089417073508498, 'gal545_A_143': 10.381563945262132, 'gal545_A_143_217': 6.194915090653609, 'gal545_A_217': 121.75196439439235, 'galf_EE_A_100': 0.04653235560771264, 'galf_EE_A_100_143': 0.04704690701070766, 'galf_EE_A_100_217': 0.0944030829213448, 'galf_EE_A_143': 0.08260792751964262, 'galf_EE_A_143_217': 0.1556069432546768, 'galf_EE_A_217': 0.5681657025391474, 'galf_EE_index': -2.4, 'galf_TE_A_100': 0.13095217564292938, 'galf_TE_A_100_143': 0.15243089222407802, 'galf_TE_A_100_217': 0.4755795579845761, 'galf_TE_A_143': 0.20979205425510508, 'galf_TE_A_143_217': 0.6748678176678558, 'galf_TE_A_217': 1.8870095932389899, 'galf_TE_index': -2.4, 'A_cnoise_e2e_100_100_EE': 1.0, 'A_cnoise_e2e_143_143_EE': 1.0, 'A_cnoise_e2e_217_217_EE': 1.0, 'A_sbpx_100_100_TT': 1.0, 'A_sbpx_143_143_TT': 1.0, 'A_sbpx_143_217_TT': 1.0, 'A_sbpx_217_217_TT': 1.0, 'A_sbpx_100_100_EE': 1.0, 'A_sbpx_100_143_EE': 1.0, 'A_sbpx_100_217_EE': 1.0, 'A_sbpx_143_143_EE': 1.0, 'A_sbpx_143_217_EE': 1.0, 'A_sbpx_217_217_EE': 1.0, 'calib_100T': 0.9992094372557156, 'calib_217T': 0.998344666816398, 'calib_100P': 1.021, 'calib_143P': 0.966, 'calib_217P': 1.04, 'A_pol': 1.0, 'A_planck': 1.000442}
 2026-09-05 15:59:50,626 [2 : dvch_plik] Got parameters {'H0': 67.72119282210079, 'ombh2': 0.022221977167240888, 'omch2': 0.12157439088771951, 'tau': 0.056875614293655286, 'ln10As': 3.0307384099069345, 'ns': 0.955752347298204, 'DVCH_n': 0.10879765091862531, 'DVCH_beta': 0.00012953657012862758, 'A_cib_217': 46.05402, 'cib_index': -1.3, 'xi_sz_cib': 0.6567009, 'A_sz': 7.083803, 'ps_A_100_100': 248.2123, 'ps_A_143_143': 50.67985, 'ps_A_143_217': 53.30959, 'ps_A_217_217': 121.8608, 'ksz_norm': 0.00384693, 'gal545_A_100': 12.089417073508498, 'gal545_A_143': 10.381563945262132, 'gal545_A_143_217': 6.194915090653609, 'gal545_A_217': 121.75196439439235, 'galf_EE_A_100': 0.04653235560771264, 'galf_EE_A_100_143': 0.04704690701070766, 'galf_EE_A_100_217': 0.0944030829213448, 'galf_EE_A_143': 0.08260792751964262, 'galf_EE_A_143_217': 0.1556069432546768, 'galf_EE_A_217': 0.5681657025391474, 'galf_EE_index': -2.4, 'galf_TE_A_100': 0.13095217564292938, 'galf_TE_A_100_143': 0.15243089222407802, 'galf_TE_A_100_217': 0.4755795579845761, 'galf_TE_A_143': 0.20979205425510508, 'galf_TE_A_143_217': 0.6748678176678558, 'galf_TE_A_217': 1.8870095932389899, 'galf_TE_index': -2.4, 'A_cnoise_e2e_100_100_EE': 1.0, 'A_cnoise_e2e_143_143_EE': 1.0, 'A_cnoise_e2e_217_217_EE': 1.0, 'A_sbpx_100_100_TT': 1.0, 'A_sbpx_143_143_TT': 1.0, 'A_sbpx_143_217_TT': 1.0, 'A_sbpx_217_217_TT': 1.0, 'A_sbpx_100_100_EE': 1.0, 'A_sbpx_100_143_EE': 1.0, 'A_sbpx_100_217_EE': 1.0, 'A_sbpx_143_143_EE': 1.0, 'A_sbpx_143_217_EE': 1.0, 'A_sbpx_217_217_EE': 1.0, 'calib_100T': 0.9992094372557156, 'calib_217T': 0.998344666816398, 'calib_100P': 1.021, 'calib_143P': 0.966, 'calib_217P': 1.04, 'A_pol': 1.0, 'A_planck': 1.000442}
 2026-09-05 15:59:50,627 [2 : dvch_plik] Computing new state
 2026-09-05 15:59:50,626 [0 : prior] Evaluating prior at array([6.66798407e+01, 2.24785545e-02, 1.19213695e-01, 5.72918232e-02,
       3.01727192e+00, 9.59463682e-01, 8.69884420e-02, 1.24632309e-04,
       1.06499094e+01, 1.26377355e+01, 1.89138554e+01, 6.45654935e+01,
       5.79112486e-02, 3.64558554e-02, 7.64055035e-02, 1.02186645e-01,
       1.54690270e-01, 7.46597759e-01, 1.12651785e-01, 1.16366480e-01,
       3.78777782e-01, 2.48247749e-01, 5.66662846e-01, 3.01238010e+00,
       9.99396656e-01, 9.98517984e-01])
 2026-09-05 15:59:50,627 [0 : prior] Got logpriors (internal) = 38.09937546574669
 2026-09-05 15:59:50,628 [0 : model] Got input parameters: {'H0': 66.67984073580067, 'ombh2': 0.02247855454308013, 'omch2': 0.11921369523258624, 'tau': 0.05729182317076214, 'ln10As': 3.0172719224468394, 'ns': 0.9594636821703314, 'DVCH_n': 0.08698844204628327, 'DVCH_beta': 0.00012463230883520975, 'A_cib_217': 46.05402, 'cib_index': -1.3, 'xi_sz_cib': 0.6567009, 'A_sz': 7.083803, 'ps_A_100_100': 248.2123, 'ps_A_143_143': 50.67985, 'ps_A_143_217': 53.30959, 'ps_A_217_217': 121.8608, 'ksz_norm': 0.00384693, 'gal545_A_100': 10.649909416497335, 'gal545_A_143': 12.63773554193387, 'gal545_A_143_217': 18.913855412891795, 'gal545_A_217': 64.5654934798266, 'galf_EE_A_100': 0.05791124861074762, 'galf_EE_A_100_143': 0.03645585542227353, 'galf_EE_A_100_217': 0.07640550352945084, 'galf_EE_A_143': 0.10218664549895104, 'galf_EE_A_143_217': 0.15469026956200735, 'galf_EE_A_217': 0.746597758507717, 'galf_EE_index': -2.4, 'galf_TE_A_100': 0.11265178487540474, 'galf_TE_A_100_143': 0.11636648036414088, 'galf_TE_A_100_217': 0.3787777820478131, 'galf_TE_A_143': 0.2482477493897785, 'galf_TE_A_143_217': 0.5666628464137478, 'galf_TE_A_217': 3.0123801038791043, 'galf_TE_index': -2.4, 'A_cnoise_e2e_100_100_EE': 1.0, 'A_cnoise_e2e_143_143_EE': 1.0, 'A_cnoise_e2e_217_217_EE': 1.0, 'A_sbpx_100_100_TT': 1.0, 'A_sbpx_143_143_TT': 1.0, 'A_sbpx_143_217_TT': 1.0, 'A_sbpx_217_217_TT': 1.0, 'A_sbpx_100_100_EE': 1.0, 'A_sbpx_100_143_EE': 1.0, 'A_sbpx_100_217_EE': 1.0, 'A_sbpx_143_143_EE': 1.0, 'A_sbpx_143_217_EE': 1.0, 'A_sbpx_217_217_EE': 1.0, 'calib_100T': 0.9993966559656584, 'calib_217T': 0.9985179839508135, 'calib_100P': 1.021, 'calib_143P': 0.966, 'calib_217P': 1.04, 'A_pol': 1.0, 'A_planck': 1.000442}
 2026-09-05 15:59:50,629 [0 : dvch_plik] Got parameters {'H0': 66.67984073580067, 'ombh2': 0.02247855454308013, 'omch2': 0.11921369523258624, 'tau': 0.05729182317076214, 'ln10As': 3.0172719224468394, 'ns': 0.9594636821703314, 'DVCH_n': 0.08698844204628327, 'DVCH_beta': 0.00012463230883520975, 'A_cib_217': 46.05402, 'cib_index': -1.3, 'xi_sz_cib': 0.6567009, 'A_sz': 7.083803, 'ps_A_100_100': 248.2123, 'ps_A_143_143': 50.67985, 'ps_A_143_217': 53.30959, 'ps_A_217_217': 121.8608, 'ksz_norm': 0.00384693, 'gal545_A_100': 10.649909416497335, 'gal545_A_143': 12.63773554193387, 'gal545_A_143_217': 18.913855412891795, 'gal545_A_217': 64.5654934798266, 'galf_EE_A_100': 0.05791124861074762, 'galf_EE_A_100_143': 0.03645585542227353, 'galf_EE_A_100_217': 0.07640550352945084, 'galf_EE_A_143': 0.10218664549895104, 'galf_EE_A_143_217': 0.15469026956200735, 'galf_EE_A_217': 0.746597758507717, 'galf_EE_index': -2.4, 'galf_TE_A_100': 0.11265178487540474, 'galf_TE_A_100_143': 0.11636648036414088, 'galf_TE_A_100_217': 0.3787777820478131, 'galf_TE_A_143': 0.2482477493897785, 'galf_TE_A_143_217': 0.5666628464137478, 'galf_TE_A_217': 3.0123801038791043, 'galf_TE_index': -2.4, 'A_cnoise_e2e_100_100_EE': 1.0, 'A_cnoise_e2e_143_143_EE': 1.0, 'A_cnoise_e2e_217_217_EE': 1.0, 'A_sbpx_100_100_TT': 1.0, 'A_sbpx_143_143_TT': 1.0, 'A_sbpx_143_217_TT': 1.0, 'A_sbpx_217_217_TT': 1.0, 'A_sbpx_100_100_EE': 1.0, 'A_sbpx_100_143_EE': 1.0, 'A_sbpx_100_217_EE': 1.0, 'A_sbpx_143_143_EE': 1.0, 'A_sbpx_143_217_EE': 1.0, 'A_sbpx_217_217_EE': 1.0, 'calib_100T': 0.9993966559656584, 'calib_217T': 0.9985179839508135, 'calib_100P': 1.021, 'calib_143P': 0.966, 'calib_217P': 1.04, 'A_pol': 1.0, 'A_planck': 1.000442}
 2026-09-05 15:59:50,629 [0 : dvch_plik] Computing new state
----
clik version plc_3.1
  smica
Checking likelihood '/mnt/d/DVCH-external/planck-data/baseline/plc_3.0/hi_l/plik/plik_rd12_HM_v22b_TTTEEE.clik' on test data. got -1172.47 expected -1172.47 (diff -4.34054e-07)
----
----
clik version plc_3.1
  smica
----
clik version plc_3.1
  smica
----
clik version plc_3.1
  gibbs_gauss b13c8fda-1837-41b5-ae2d-78d6b723fcf1
Checking likelihood '/mnt/d/DVCH-external/planck-data/baseline/plc_3.0/low_l/commander/commander_dx12_v3_2_29.clik' on test data. got -11.6257 expected -11.6257 (diff -1.07424e-09)
----
Checking likelihood '/mnt/d/DVCH-external/planck-data/baseline/plc_3.0/hi_l/plik/plik_rd12_HM_v22b_TTTEEE.clik' on test data. got -1172.47 expected -1172.47 (diff -4.34054e-07)
----
Checking likelihood '/mnt/d/DVCH-external/planck-data/baseline/plc_3.0/hi_l/plik/plik_rd12_HM_v22b_TTTEEE.clik' on test data. got -1172.47 expected -1172.47 (diff -4.34054e-07)
----
----
clik version plc_3.1
  smica
Initializing SimAll
----
clik version plc_3.1
  simall simall_EE_BB_TE
Checking likelihood '/mnt/d/DVCH-external/planck-data/baseline/plc_3.0/hi_l/plik/plik_rd12_HM_v22b_TTTEEE.clik' on test data. got -1172.47 expected -1172.47 (diff -4.34054e-07)
----
Checking likelihood '/mnt/d/DVCH-external/planck-data/baseline/plc_3.0/low_l/simall/simall_100x143_offlike5_EE_Aplanck_B.clik' on test data. got -197.99 expected -197.99 (diff -4.1778e-08)
----
----
clik version plc_3.1
  gibbs_gauss b13c8fda-1837-41b5-ae2d-78d6b723fcf1
----
clik version plc_3.1
  gibbs_gauss b13c8fda-1837-41b5-ae2d-78d6b723fcf1
Checking likelihood '/mnt/d/DVCH-external/planck-data/baseline/plc_3.0/low_l/commander/commander_dx12_v3_2_29.clik' on test data. got -11.6257 expected -11.6257 (diff -1.07424e-09)
----
Checking likelihood '/mnt/d/DVCH-external/planck-data/baseline/plc_3.0/low_l/commander/commander_dx12_v3_2_29.clik' on test data. got -11.6257 expected -11.6257 (diff -1.07424e-09)
----
Initializing SimAll
Initializing SimAll
----
clik version plc_3.1
  simall simall_EE_BB_TE
----
clik version plc_3.1
  simall simall_EE_BB_TE
Checking likelihood '/mnt/d/DVCH-external/planck-data/baseline/plc_3.0/low_l/simall/simall_100x143_offlike5_EE_Aplanck_B.clik' on test data. got -197.99 expected -197.99 (diff -4.1778e-08)
----
----
clik version plc_3.1
  gibbs_gauss b13c8fda-1837-41b5-ae2d-78d6b723fcf1
Checking lensing likelihood '/mnt/d/DVCH-external/planck-data/baseline/plc_3.0/lensing/smicadx12_Dec5_ftl_mv2_ndclpp_p_teb_consext8.clik_lensing' on test data. got -4.42102
Checking likelihood '/mnt/d/DVCH-external/planck-data/baseline/plc_3.0/low_l/simall/simall_100x143_offlike5_EE_Aplanck_B.clik' on test data. got -197.99 expected -197.99 (diff -4.1778e-08)
----
Checking likelihood '/mnt/d/DVCH-external/planck-data/baseline/plc_3.0/low_l/commander/commander_dx12_v3_2_29.clik' on test data. got -11.6257 expected -11.6257 (diff -1.07424e-09)
----
Initializing SimAll
----
clik version plc_3.1
  simall simall_EE_BB_TE
Checking likelihood '/mnt/d/DVCH-external/planck-data/baseline/plc_3.0/low_l/simall/simall_100x143_offlike5_EE_Aplanck_B.clik' on test data. got -197.99 expected -197.99 (diff -4.1778e-08)
----
Checking lensing likelihood '/mnt/d/DVCH-external/planck-data/baseline/plc_3.0/lensing/smicadx12_Dec5_ftl_mv2_ndclpp_p_teb_consext8.clik_lensing' on test data. got -4.42102
Checking lensing likelihood '/mnt/d/DVCH-external/planck-data/baseline/plc_3.0/lensing/smicadx12_Dec5_ftl_mv2_ndclpp_p_teb_consext8.clik_lensing' on test data. got -4.42102
Checking lensing likelihood '/mnt/d/DVCH-external/planck-data/baseline/plc_3.0/lensing/smicadx12_Dec5_ftl_mv2_ndclpp_p_teb_consext8.clik_lensing' on test data. got -4.42102
 2026-09-05 16:00:09,656 [0 : dvch_plik] Computed log-likelihood = -2189.141814531006
 2026-09-05 16:00:09,656 [0 : model] Computed derived parameters: {}
 2026-09-05 16:00:09,657 [0 : mcmc] Initial point: H0:66.67984, ombh2:0.02247855, omch2:0.1192137, tau:0.05729182, ln10As:3.017272, ns:0.9594637, DVCH_n:0.08698844, DVCH_beta:0.0001246323, gal545_A_100:10.64991, gal545_A_143:12.63774, gal545_A_143_217:18.91386, gal545_A_217:64.56549, galf_EE_A_100:0.05791125, galf_EE_A_100_143:0.03645586, galf_EE_A_100_217:0.0764055, galf_EE_A_143:0.1021866, galf_EE_A_143_217:0.1546903, galf_EE_A_217:0.7465978, galf_TE_A_100:0.1126518, galf_TE_A_100_143:0.1163665, galf_TE_A_100_217:0.3787778, galf_TE_A_143:0.2482477, galf_TE_A_143_217:0.5666628, galf_TE_A_217:3.01238, calib_100T:0.9993967, calib_217T:0.998518
 2026-09-05 16:00:09,660 [1 : dvch_plik] Computed log-likelihood = -1699.4180179237953
 2026-09-05 16:00:09,661 [1 : model] Computed derived parameters: {}
 2026-09-05 16:00:09,661 [1 : mcmc] Initial point: H0:68.24284, ombh2:0.02262119, omch2:0.1174885, tau:0.05540857, ln10As:3.053555, ns:0.9604153, DVCH_n:0.08242377, DVCH_beta:7.498414e-05, gal545_A_100:11.99787, gal545_A_143:11.88486, gal545_A_143_217:21.77703, gal545_A_217:69.99908, galf_EE_A_100:0.04644765, galf_EE_A_100_143:0.01774377, galf_EE_A_100_217:0.05488988, galf_EE_A_143:0.07998935, galf_EE_A_143_217:0.1822839, galf_EE_A_217:0.8498557, galf_TE_A_100:0.1381339, galf_TE_A_100_143:0.1267685, galf_TE_A_100_217:0.5296553, galf_TE_A_143:0.252918, galf_TE_A_143_217:0.754958, galf_TE_A_217:2.010108, calib_100T:0.9994463, calib_217T:0.9978327
 2026-09-05 16:00:09,735 [2 : dvch_plik] Computed log-likelihood = -2685.560780430744
 2026-09-05 16:00:09,735 [2 : model] Computed derived parameters: {}
 2026-09-05 16:00:09,735 [2 : mcmc] Initial point: H0:67.72119, ombh2:0.02222198, omch2:0.1215744, tau:0.05687561, ln10As:3.030738, ns:0.9557523, DVCH_n:0.1087977, DVCH_beta:0.0001295366, gal545_A_100:12.08942, gal545_A_143:10.38156, gal545_A_143_217:6.194915, gal545_A_217:121.752, galf_EE_A_100:0.04653236, galf_EE_A_100_143:0.04704691, galf_EE_A_100_217:0.09440308, galf_EE_A_143:0.08260793, galf_EE_A_143_217:0.1556069, galf_EE_A_217:0.5681657, galf_TE_A_100:0.1309522, galf_TE_A_100_143:0.1524309, galf_TE_A_100_217:0.4755796, galf_TE_A_143:0.2097921, galf_TE_A_143_217:0.6748678, galf_TE_A_217:1.88701, calib_100T:0.9992094, calib_217T:0.9983447
 2026-09-05 16:00:10,000 [3 : dvch_plik] Computed log-likelihood = -2337.6781878485413
 2026-09-05 16:00:10,001 [3 : model] Computed derived parameters: {}
 2026-09-05 16:00:10,001 [3 : mcmc] Initial point: H0:65.8849, ombh2:0.02260603, omch2:0.1185669, tau:0.0481015, ln10As:3.048241, ns:0.9699522, DVCH_n:0.08391567, DVCH_beta:0.0001218569, gal545_A_100:11.04936, gal545_A_143:10.41683, gal545_A_143_217:28.08537, gal545_A_217:81.09962, galf_EE_A_100:0.03676106, galf_EE_A_100_143:0.05101981, galf_EE_A_100_217:0.06009264, galf_EE_A_143:0.09669465, galf_EE_A_143_217:0.1932133, galf_EE_A_217:1.045837, galf_TE_A_100:0.1463819, galf_TE_A_100_143:0.1159443, galf_TE_A_100_217:0.6078298, galf_TE_A_143:0.2036445, galf_TE_A_143_217:0.6296854, galf_TE_A_217:1.415977, calib_100T:0.9999974, calib_217T:0.997621
 2026-09-05 16:00:10,001 [0 : model] Measuring speeds... (this may take a few seconds)
 2026-09-05 16:00:10,007 [0 : prior] Evaluating prior at array([6.68784622e+01, 2.24717030e-02, 1.18586092e-01, 5.47894589e-02,
       3.05366967e+00, 9.59604158e-01, 9.96429067e-02, 9.97999606e-05,
       9.81889045e+00, 9.83031208e+00, 1.62513602e+01, 5.67702196e+01,
       1.85806606e-02, 5.05224696e-02, 7.58669520e-02, 1.07491763e-01,
       2.26900501e-01, 5.74047274e-01, 8.79812180e-02, 1.42010172e-01,
       4.14765915e-01, 1.74731193e-01, 6.76720096e-01, 2.34518291e+00,
       9.99442320e-01, 9.96870703e-01])
 2026-09-05 16:00:10,009 [0 : prior] Got logpriors (internal) = 35.556259281744005
 2026-09-05 16:00:10,009 [0 : model] Got input parameters: {'H0': 66.8784622261741, 'ombh2': 0.02247170303998599, 'omch2': 0.11858609196526301, 'tau': 0.05478945891014175, 'ln10As': 3.0536696660771483, 'ns': 0.9596041575861682, 'DVCH_n': 0.09964290673441824, 'DVCH_beta': 9.979996056069455e-05, 'A_cib_217': 46.05402, 'cib_index': -1.3, 'xi_sz_cib': 0.6567009, 'A_sz': 7.083803, 'ps_A_100_100': 248.2123, 'ps_A_143_143': 50.67985, 'ps_A_143_217': 53.30959, 'ps_A_217_217': 121.8608, 'ksz_norm': 0.00384693, 'gal545_A_100': 9.818890447670949, 'gal545_A_143': 9.83031208163757, 'gal545_A_143_217': 16.251360157315332, 'gal545_A_217': 56.770219574689825, 'galf_EE_A_100': 0.018580660613656673, 'galf_EE_A_100_143': 0.05052246958460415, 'galf_EE_A_100_217': 0.07586695202864527, 'galf_EE_A_143': 0.10749176288529788, 'galf_EE_A_143_217': 0.2269005009269621, 'galf_EE_A_217': 0.574047273530625, 'galf_EE_index': -2.4, 'galf_TE_A_100': 0.0879812179921082, 'galf_TE_A_100_143': 0.1420101724529446, 'galf_TE_A_100_217': 0.41476591482010927, 'galf_TE_A_143': 0.174731193169959, 'galf_TE_A_143_217': 0.676720095895116, 'galf_TE_A_217': 2.345182911580886, 'galf_TE_index': -2.4, 'A_cnoise_e2e_100_100_EE': 1.0, 'A_cnoise_e2e_143_143_EE': 1.0, 'A_cnoise_e2e_217_217_EE': 1.0, 'A_sbpx_100_100_TT': 1.0, 'A_sbpx_143_143_TT': 1.0, 'A_sbpx_143_217_TT': 1.0, 'A_sbpx_217_217_TT': 1.0, 'A_sbpx_100_100_EE': 1.0, 'A_sbpx_100_143_EE': 1.0, 'A_sbpx_100_217_EE': 1.0, 'A_sbpx_143_143_EE': 1.0, 'A_sbpx_143_217_EE': 1.0, 'A_sbpx_217_217_EE': 1.0, 'calib_100T': 0.9994423195866299, 'calib_217T': 0.9968707027953762, 'calib_100P': 1.021, 'calib_143P': 0.966, 'calib_217P': 1.04, 'A_pol': 1.0, 'A_planck': 1.000442}
 2026-09-05 16:00:10,009 [0 : dvch_plik] Got parameters {'H0': 66.8784622261741, 'ombh2': 0.02247170303998599, 'omch2': 0.11858609196526301, 'tau': 0.05478945891014175, 'ln10As': 3.0536696660771483, 'ns': 0.9596041575861682, 'DVCH_n': 0.09964290673441824, 'DVCH_beta': 9.979996056069455e-05, 'A_cib_217': 46.05402, 'cib_index': -1.3, 'xi_sz_cib': 0.6567009, 'A_sz': 7.083803, 'ps_A_100_100': 248.2123, 'ps_A_143_143': 50.67985, 'ps_A_143_217': 53.30959, 'ps_A_217_217': 121.8608, 'ksz_norm': 0.00384693, 'gal545_A_100': 9.818890447670949, 'gal545_A_143': 9.83031208163757, 'gal545_A_143_217': 16.251360157315332, 'gal545_A_217': 56.770219574689825, 'galf_EE_A_100': 0.018580660613656673, 'galf_EE_A_100_143': 0.05052246958460415, 'galf_EE_A_100_217': 0.07586695202864527, 'galf_EE_A_143': 0.10749176288529788, 'galf_EE_A_143_217': 0.2269005009269621, 'galf_EE_A_217': 0.574047273530625, 'galf_EE_index': -2.4, 'galf_TE_A_100': 0.0879812179921082, 'galf_TE_A_100_143': 0.1420101724529446, 'galf_TE_A_100_217': 0.41476591482010927, 'galf_TE_A_143': 0.174731193169959, 'galf_TE_A_143_217': 0.676720095895116, 'galf_TE_A_217': 2.345182911580886, 'galf_TE_index': -2.4, 'A_cnoise_e2e_100_100_EE': 1.0, 'A_cnoise_e2e_143_143_EE': 1.0, 'A_cnoise_e2e_217_217_EE': 1.0, 'A_sbpx_100_100_TT': 1.0, 'A_sbpx_143_143_TT': 1.0, 'A_sbpx_143_217_TT': 1.0, 'A_sbpx_217_217_TT': 1.0, 'A_sbpx_100_100_EE': 1.0, 'A_sbpx_100_143_EE': 1.0, 'A_sbpx_100_217_EE': 1.0, 'A_sbpx_143_143_EE': 1.0, 'A_sbpx_143_217_EE': 1.0, 'A_sbpx_217_217_EE': 1.0, 'calib_100T': 0.9994423195866299, 'calib_217T': 0.9968707027953762, 'calib_100P': 1.021, 'calib_143P': 0.966, 'calib_217P': 1.04, 'A_pol': 1.0, 'A_planck': 1.000442}
 2026-09-05 16:00:10,010 [0 : dvch_plik] Computing new state
 2026-09-05 16:00:10,007 [2 : prior] Evaluating prior at array([6.66423941e+01, 2.24905895e-02, 1.18651027e-01, 6.09195424e-02,
       3.04667816e+00, 9.59960434e-01, 8.88547921e-02, 7.38534076e-05,
       1.00542904e+01, 7.67692327e+00, 1.25664817e+01, 8.38558497e+01,
       7.65488650e-02, 5.80302253e-02, 1.14095789e-01, 8.98045002e-02,
       1.95857732e-01, 5.29386624e-01, 1.89326493e-01, 1.54710756e-01,
       5.46665879e-01, 1.73221960e-02, 7.86472075e-01, 6.56102530e-01,
       1.00064372e+00, 9.98603294e-01])
 2026-09-05 16:00:10,007 [1 : prior] Evaluating prior at array([6.74641481e+01, 2.27168503e-02, 1.20253890e-01, 5.58927260e-02,
       3.03577791e+00, 9.60641628e-01, 7.72458172e-02, 8.91786394e-05,
       5.96705053e+00, 9.25899909e+00, 2.53568477e+01, 1.03648449e+02,
       2.63148685e-02, 4.84566347e-02, 1.03051665e-01, 8.65569047e-02,
       2.40542957e-01, 4.73981516e-01, 1.51438203e-01, 1.31841482e-01,
       5.17237826e-01, 1.86866698e-01, 6.76791093e-01, 2.20636828e+00,
       1.00000334e+00, 9.99148725e-01])
 2026-09-05 16:00:10,013 [2 : prior] Got logpriors (internal) = 30.999609892070822
 2026-09-05 16:00:10,013 [1 : prior] Got logpriors (internal) = 39.29171326836471
 2026-09-05 16:00:10,014 [1 : model] Got input parameters: {'H0': 67.46414810647278, 'ombh2': 0.022716850265712133, 'omch2': 0.1202538899362491, 'tau': 0.05589272603797405, 'ln10As': 3.035777905892466, 'ns': 0.9606416281667394, 'DVCH_n': 0.07724581719699508, 'DVCH_beta': 8.917863941638131e-05, 'A_cib_217': 46.05402, 'cib_index': -1.3, 'xi_sz_cib': 0.6567009, 'A_sz': 7.083803, 'ps_A_100_100': 248.2123, 'ps_A_143_143': 50.67985, 'ps_A_143_217': 53.30959, 'ps_A_217_217': 121.8608, 'ksz_norm': 0.00384693, 'gal545_A_100': 5.9670505291982305, 'gal545_A_143': 9.258999087208755, 'gal545_A_143_217': 25.35684774452656, 'gal545_A_217': 103.64844852172817, 'galf_EE_A_100': 0.02631486854034678, 'galf_EE_A_100_143': 0.04845663472267702, 'galf_EE_A_100_217': 0.10305166472505846, 'galf_EE_A_143': 0.0865569047417848, 'galf_EE_A_143_217': 0.24054295713225848, 'galf_EE_A_217': 0.4739815164836937, 'galf_EE_index': -2.4, 'galf_TE_A_100': 0.15143820272628344, 'galf_TE_A_100_143': 0.13184148184917197, 'galf_TE_A_100_217': 0.5172378258568182, 'galf_TE_A_143': 0.18686669841554188, 'galf_TE_A_143_217': 0.6767910931545206, 'galf_TE_A_217': 2.206368279438874, 'galf_TE_index': -2.4, 'A_cnoise_e2e_100_100_EE': 1.0, 'A_cnoise_e2e_143_143_EE': 1.0, 'A_cnoise_e2e_217_217_EE': 1.0, 'A_sbpx_100_100_TT': 1.0, 'A_sbpx_143_143_TT': 1.0, 'A_sbpx_143_217_TT': 1.0, 'A_sbpx_217_217_TT': 1.0, 'A_sbpx_100_100_EE': 1.0, 'A_sbpx_100_143_EE': 1.0, 'A_sbpx_100_217_EE': 1.0, 'A_sbpx_143_143_EE': 1.0, 'A_sbpx_143_217_EE': 1.0, 'A_sbpx_217_217_EE': 1.0, 'calib_100T': 1.0000033353601803, 'calib_217T': 0.9991487253575189, 'calib_100P': 1.021, 'calib_143P': 0.966, 'calib_217P': 1.04, 'A_pol': 1.0, 'A_planck': 1.000442}
 2026-09-05 16:00:10,014 [2 : model] Got input parameters: {'H0': 66.64239413160561, 'ombh2': 0.022490589503343657, 'omch2': 0.1186510274046032, 'tau': 0.060919542440792285, 'ln10As': 3.0466781604602025, 'ns': 0.9599604342892016, 'DVCH_n': 0.08885479209767119, 'DVCH_beta': 7.385340763552105e-05, 'A_cib_217': 46.05402, 'cib_index': -1.3, 'xi_sz_cib': 0.6567009, 'A_sz': 7.083803, 'ps_A_100_100': 248.2123, 'ps_A_143_143': 50.67985, 'ps_A_143_217': 53.30959, 'ps_A_217_217': 121.8608, 'ksz_norm': 0.00384693, 'gal545_A_100': 10.054290354292368, 'gal545_A_143': 7.676923273122125, 'gal545_A_143_217': 12.566481678524296, 'gal545_A_217': 83.85584973405093, 'galf_EE_A_100': 0.07654886497791473, 'galf_EE_A_100_143': 0.05803022529834595, 'galf_EE_A_100_217': 0.11409578889382029, 'galf_EE_A_143': 0.08980450023697006, 'galf_EE_A_143_217': 0.19585773150545904, 'galf_EE_A_217': 0.5293866237471417, 'galf_EE_index': -2.4, 'galf_TE_A_100': 0.18932649307390192, 'galf_TE_A_100_143': 0.15471075551586733, 'galf_TE_A_100_217': 0.5466658791471801, 'galf_TE_A_143': 0.01732219596475723, 'galf_TE_A_143_217': 0.7864720751716704, 'galf_TE_A_217': 0.656102529649623, 'galf_TE_index': -2.4, 'A_cnoise_e2e_100_100_EE': 1.0, 'A_cnoise_e2e_143_143_EE': 1.0, 'A_cnoise_e2e_217_217_EE': 1.0, 'A_sbpx_100_100_TT': 1.0, 'A_sbpx_143_143_TT': 1.0, 'A_sbpx_143_217_TT': 1.0, 'A_sbpx_217_217_TT': 1.0, 'A_sbpx_100_100_EE': 1.0, 'A_sbpx_100_143_EE': 1.0, 'A_sbpx_100_217_EE': 1.0, 'A_sbpx_143_143_EE': 1.0, 'A_sbpx_143_217_EE': 1.0, 'A_sbpx_217_217_EE': 1.0, 'calib_100T': 1.0006437173123972, 'calib_217T': 0.9986032942160371, 'calib_100P': 1.021, 'calib_143P': 0.966, 'calib_217P': 1.04, 'A_pol': 1.0, 'A_planck': 1.000442}
 2026-09-05 16:00:10,014 [1 : dvch_plik] Got parameters {'H0': 67.46414810647278, 'ombh2': 0.022716850265712133, 'omch2': 0.1202538899362491, 'tau': 0.05589272603797405, 'ln10As': 3.035777905892466, 'ns': 0.9606416281667394, 'DVCH_n': 0.07724581719699508, 'DVCH_beta': 8.917863941638131e-05, 'A_cib_217': 46.05402, 'cib_index': -1.3, 'xi_sz_cib': 0.6567009, 'A_sz': 7.083803, 'ps_A_100_100': 248.2123, 'ps_A_143_143': 50.67985, 'ps_A_143_217': 53.30959, 'ps_A_217_217': 121.8608, 'ksz_norm': 0.00384693, 'gal545_A_100': 5.9670505291982305, 'gal545_A_143': 9.258999087208755, 'gal545_A_143_217': 25.35684774452656, 'gal545_A_217': 103.64844852172817, 'galf_EE_A_100': 0.02631486854034678, 'galf_EE_A_100_143': 0.04845663472267702, 'galf_EE_A_100_217': 0.10305166472505846, 'galf_EE_A_143': 0.0865569047417848, 'galf_EE_A_143_217': 0.24054295713225848, 'galf_EE_A_217': 0.4739815164836937, 'galf_EE_index': -2.4, 'galf_TE_A_100': 0.15143820272628344, 'galf_TE_A_100_143': 0.13184148184917197, 'galf_TE_A_100_217': 0.5172378258568182, 'galf_TE_A_143': 0.18686669841554188, 'galf_TE_A_143_217': 0.6767910931545206, 'galf_TE_A_217': 2.206368279438874, 'galf_TE_index': -2.4, 'A_cnoise_e2e_100_100_EE': 1.0, 'A_cnoise_e2e_143_143_EE': 1.0, 'A_cnoise_e2e_217_217_EE': 1.0, 'A_sbpx_100_100_TT': 1.0, 'A_sbpx_143_143_TT': 1.0, 'A_sbpx_143_217_TT': 1.0, 'A_sbpx_217_217_TT': 1.0, 'A_sbpx_100_100_EE': 1.0, 'A_sbpx_100_143_EE': 1.0, 'A_sbpx_100_217_EE': 1.0, 'A_sbpx_143_143_EE': 1.0, 'A_sbpx_143_217_EE': 1.0, 'A_sbpx_217_217_EE': 1.0, 'calib_100T': 1.0000033353601803, 'calib_217T': 0.9991487253575189, 'calib_100P': 1.021, 'calib_143P': 0.966, 'calib_217P': 1.04, 'A_pol': 1.0, 'A_planck': 1.000442}
 2026-09-05 16:00:10,014 [1 : dvch_plik] Computing new state
 2026-09-05 16:00:10,014 [2 : dvch_plik] Got parameters {'H0': 66.64239413160561, 'ombh2': 0.022490589503343657, 'omch2': 0.1186510274046032, 'tau': 0.060919542440792285, 'ln10As': 3.0466781604602025, 'ns': 0.9599604342892016, 'DVCH_n': 0.08885479209767119, 'DVCH_beta': 7.385340763552105e-05, 'A_cib_217': 46.05402, 'cib_index': -1.3, 'xi_sz_cib': 0.6567009, 'A_sz': 7.083803, 'ps_A_100_100': 248.2123, 'ps_A_143_143': 50.67985, 'ps_A_143_217': 53.30959, 'ps_A_217_217': 121.8608, 'ksz_norm': 0.00384693, 'gal545_A_100': 10.054290354292368, 'gal545_A_143': 7.676923273122125, 'gal545_A_143_217': 12.566481678524296, 'gal545_A_217': 83.85584973405093, 'galf_EE_A_100': 0.07654886497791473, 'galf_EE_A_100_143': 0.05803022529834595, 'galf_EE_A_100_217': 0.11409578889382029, 'galf_EE_A_143': 0.08980450023697006, 'galf_EE_A_143_217': 0.19585773150545904, 'galf_EE_A_217': 0.5293866237471417, 'galf_EE_index': -2.4, 'galf_TE_A_100': 0.18932649307390192, 'galf_TE_A_100_143': 0.15471075551586733, 'galf_TE_A_100_217': 0.5466658791471801, 'galf_TE_A_143': 0.01732219596475723, 'galf_TE_A_143_217': 0.7864720751716704, 'galf_TE_A_217': 0.656102529649623, 'galf_TE_index': -2.4, 'A_cnoise_e2e_100_100_EE': 1.0, 'A_cnoise_e2e_143_143_EE': 1.0, 'A_cnoise_e2e_217_217_EE': 1.0, 'A_sbpx_100_100_TT': 1.0, 'A_sbpx_143_143_TT': 1.0, 'A_sbpx_143_217_TT': 1.0, 'A_sbpx_217_217_TT': 1.0, 'A_sbpx_100_100_EE': 1.0, 'A_sbpx_100_143_EE': 1.0, 'A_sbpx_100_217_EE': 1.0, 'A_sbpx_143_143_EE': 1.0, 'A_sbpx_143_217_EE': 1.0, 'A_sbpx_217_217_EE': 1.0, 'calib_100T': 1.0006437173123972, 'calib_217T': 0.9986032942160371, 'calib_100P': 1.021, 'calib_143P': 0.966, 'calib_217P': 1.04, 'A_pol': 1.0, 'A_planck': 1.000442}
 2026-09-05 16:00:10,015 [2 : dvch_plik] Computing new state
 2026-09-05 16:00:10,013 [3 : prior] Evaluating prior at array([6.65312042e+01, 2.24298953e-02, 1.17101322e-01, 5.73805666e-02,
       3.04198546e+00, 9.66253375e-01, 8.38971426e-02, 1.14586172e-04,
       8.55822254e+00, 1.25617941e+01, 2.98013446e+01, 9.05581461e+01,
       6.54008273e-02, 4.37060874e-02, 1.06929113e-01, 5.01760347e-02,
       1.70762785e-01, 7.79140963e-01, 1.58451653e-01, 7.85756365e-02,
       4.91202164e-01, 2.66188879e-01, 7.25078005e-01, 2.43301355e+00,
       1.00146336e+00, 9.98134119e-01])
 2026-09-05 16:00:10,016 [3 : prior] Got logpriors (internal) = 39.29661545743191
 2026-09-05 16:00:10,016 [3 : model] Got input parameters: {'H0': 66.53120423753587, 'ombh2': 0.022429895301891035, 'omch2': 0.11710132167010187, 'tau': 0.057380566602464086, 'ln10As': 3.0419854558555524, 'ns': 0.9662533752680061, 'DVCH_n': 0.08389714256452627, 'DVCH_beta': 0.0001145861717756226, 'A_cib_217': 46.05402, 'cib_index': -1.3, 'xi_sz_cib': 0.6567009, 'A_sz': 7.083803, 'ps_A_100_100': 248.2123, 'ps_A_143_143': 50.67985, 'ps_A_143_217': 53.30959, 'ps_A_217_217': 121.8608, 'ksz_norm': 0.00384693, 'gal545_A_100': 8.558222537997162, 'gal545_A_143': 12.561794083692748, 'gal545_A_143_217': 29.801344585524266, 'gal545_A_217': 90.55814612770432, 'galf_EE_A_100': 0.06540082727015441, 'galf_EE_A_100_143': 0.04370608743930459, 'galf_EE_A_100_217': 0.10692911346930255, 'galf_EE_A_143': 0.05017603472178748, 'galf_EE_A_143_217': 0.17076278521313124, 'galf_EE_A_217': 0.779140963100261, 'galf_EE_index': -2.4, 'galf_TE_A_100': 0.15845165267083736, 'galf_TE_A_100_143': 0.07857563647281399, 'galf_TE_A_100_217': 0.4912021637012706, 'galf_TE_A_143': 0.2661888787309285, 'galf_TE_A_143_217': 0.7250780047147765, 'galf_TE_A_217': 2.433013553148643, 'galf_TE_index': -2.4, 'A_cnoise_e2e_100_100_EE': 1.0, 'A_cnoise_e2e_143_143_EE': 1.0, 'A_cnoise_e2e_217_217_EE': 1.0, 'A_sbpx_100_100_TT': 1.0, 'A_sbpx_143_143_TT': 1.0, 'A_sbpx_143_217_TT': 1.0, 'A_sbpx_217_217_TT': 1.0, 'A_sbpx_100_100_EE': 1.0, 'A_sbpx_100_143_EE': 1.0, 'A_sbpx_100_217_EE': 1.0, 'A_sbpx_143_143_EE': 1.0, 'A_sbpx_143_217_EE': 1.0, 'A_sbpx_217_217_EE': 1.0, 'calib_100T': 1.0014633553202978, 'calib_217T': 0.9981341185437456, 'calib_100P': 1.021, 'calib_143P': 0.966, 'calib_217P': 1.04, 'A_pol': 1.0, 'A_planck': 1.000442}
 2026-09-05 16:00:10,016 [3 : dvch_plik] Got parameters {'H0': 66.53120423753587, 'ombh2': 0.022429895301891035, 'omch2': 0.11710132167010187, 'tau': 0.057380566602464086, 'ln10As': 3.0419854558555524, 'ns': 0.9662533752680061, 'DVCH_n': 0.08389714256452627, 'DVCH_beta': 0.0001145861717756226, 'A_cib_217': 46.05402, 'cib_index': -1.3, 'xi_sz_cib': 0.6567009, 'A_sz': 7.083803, 'ps_A_100_100': 248.2123, 'ps_A_143_143': 50.67985, 'ps_A_143_217': 53.30959, 'ps_A_217_217': 121.8608, 'ksz_norm': 0.00384693, 'gal545_A_100': 8.558222537997162, 'gal545_A_143': 12.561794083692748, 'gal545_A_143_217': 29.801344585524266, 'gal545_A_217': 90.55814612770432, 'galf_EE_A_100': 0.06540082727015441, 'galf_EE_A_100_143': 0.04370608743930459, 'galf_EE_A_100_217': 0.10692911346930255, 'galf_EE_A_143': 0.05017603472178748, 'galf_EE_A_143_217': 0.17076278521313124, 'galf_EE_A_217': 0.779140963100261, 'galf_EE_index': -2.4, 'galf_TE_A_100': 0.15845165267083736, 'galf_TE_A_100_143': 0.07857563647281399, 'galf_TE_A_100_217': 0.4912021637012706, 'galf_TE_A_143': 0.2661888787309285, 'galf_TE_A_143_217': 0.7250780047147765, 'galf_TE_A_217': 2.433013553148643, 'galf_TE_index': -2.4, 'A_cnoise_e2e_100_100_EE': 1.0, 'A_cnoise_e2e_143_143_EE': 1.0, 'A_cnoise_e2e_217_217_EE': 1.0, 'A_sbpx_100_100_TT': 1.0, 'A_sbpx_143_143_TT': 1.0, 'A_sbpx_143_217_TT': 1.0, 'A_sbpx_217_217_TT': 1.0, 'A_sbpx_100_100_EE': 1.0, 'A_sbpx_100_143_EE': 1.0, 'A_sbpx_100_217_EE': 1.0, 'A_sbpx_143_143_EE': 1.0, 'A_sbpx_143_217_EE': 1.0, 'A_sbpx_217_217_EE': 1.0, 'calib_100T': 1.0014633553202978, 'calib_217T': 0.9981341185437456, 'calib_100P': 1.021, 'calib_143P': 0.966, 'calib_217P': 1.04, 'A_pol': 1.0, 'A_planck': 1.000442}
 2026-09-05 16:00:10,017 [3 : dvch_plik] Computing new state
 2026-09-05 16:00:22,833 [0 : dvch_plik] Computed log-likelihood = -1831.179985526792
 2026-09-05 16:00:22,833 [0 : dvch_plik] First evaluation time: 12.823 s
 2026-09-05 16:00:22,833 [0 : dvch_plik] Average evaluation time: 12.823 s
 2026-09-05 16:00:22,833 [0 : model] Computed derived parameters: {}
 2026-09-05 16:00:22,834 [0 : model] Computed 1 points to measure speeds.
 2026-09-05 16:00:22,880 [2 : dvch_plik] Computed log-likelihood = -1543.771230296801
 2026-09-05 16:00:22,880 [2 : dvch_plik] First evaluation time: 12.8648 s
 2026-09-05 16:00:22,880 [2 : dvch_plik] Average evaluation time: 12.8648 s
 2026-09-05 16:00:22,880 [2 : model] Computed derived parameters: {}
 2026-09-05 16:00:22,885 [1 : dvch_plik] Computed log-likelihood = -1510.5333701924385
 2026-09-05 16:00:22,885 [1 : dvch_plik] First evaluation time: 12.8704 s
 2026-09-05 16:00:22,885 [1 : dvch_plik] Average evaluation time: 12.8704 s
 2026-09-05 16:00:22,886 [1 : model] Computed derived parameters: {}
 2026-09-05 16:00:22,909 [3 : dvch_plik] Computed log-likelihood = -1804.9877922992412
 2026-09-05 16:00:22,910 [3 : dvch_plik] First evaluation time: 12.893 s
 2026-09-05 16:00:22,910 [3 : dvch_plik] Average evaluation time: 12.893 s
 2026-09-05 16:00:22,910 [3 : model] Computed derived parameters: {}
 2026-09-05 16:00:22,911 [0 : model] Setting measured speeds (per sec): {dvch_plik: 0.0777}
 2026-09-05 16:00:22,913 [0 : model] Cost, oversampling factor and parameters per block, in optimal order:
 2026-09-05 16:00:22,913 [0 : model] * 12.8631 : np.int64(1) : ['H0', 'ombh2', 'omch2', 'tau', 'ln10As', 'ns', 'DVCH_n', 'DVCH_beta', 'gal545_A_100', 'gal545_A_143', 'gal545_A_143_217', 'gal545_A_217', 'galf_EE_A_100', 'galf_EE_A_100_143', 'galf_EE_A_100_217', 'galf_EE_A_143', 'galf_EE_A_143_217', 'galf_EE_A_217', 'galf_TE_A_100', 'galf_TE_A_100_143', 'galf_TE_A_100_217', 'galf_TE_A_143', 'galf_TE_A_143_217', 'galf_TE_A_217', 'calib_100T', 'calib_217T']
 2026-09-05 16:00:22,915 [0 : mcmc] Cycle length in steps: np.int64(26)
 2026-09-05 16:00:22,918 [0 : mcmc] *ERROR* Can't open covmat file 'dvch_prod.covmat'.
 2026-09-05 16:00:22,950 [3 : exception handler] Root errored in _load_covmat
 2026-09-05 16:00:22,950 [1 : exception handler] Root errored in _load_covmat
 2026-09-05 16:00:22,954 [0 : exception handler] *ERROR* Can't open covmat file 'dvch_prod.covmat'.
 2026-09-05 16:00:22,960 [2 : exception handler] Root errored in _load_covmat
--------------------------------------------------------------------------
Sorry!  You were supposed to get help about:
    prun:non-zero-exit
But I couldn't open the help file:
    /usr/lib/x86_64-linux-gnu/pmix2/share/pmix/help-prun.txt: No such file or directory
    /usr/lib/x86_64-linux-gnu/prrte3/share/prte/help-prun.txt: No such file or directory.
Sorry!
--------------------------------------------------------------------------
 